// Jest Snapshot v1, https://goo.gl/fbAQLP

exports[`snapshot 1`] = `
<div>
  <div
    class="MuiFormControl-root MuiTextField-root MuiFormControl-marginNormal MuiFormControl-fullWidth"
  >
    <label
      class="MuiFormLabel-root MuiInputLabel-root MuiInputLabel-formControl MuiInputLabel-animated MuiInputLabel-outlined"
      data-shrink="false"
    >
      UserNameOrEmailAddress
    </label>
    <div
      class="MuiInputBase-root MuiOutlinedInput-root MuiInputBase-fullWidth MuiInputBase-formControl"
    >
      <input
        aria-invalid="false"
        autocomplete="username"
        class="MuiInputBase-input MuiOutlinedInput-input"
        name="username"
        type="text"
        value=""
      />
      <fieldset
        aria-hidden="true"
        class="PrivateNotchedOutline-root-121 MuiOutlinedInput-notchedOutline"
      >
        <legend
          class="PrivateNotchedOutline-legendLabelled-123"
        >
          <span>
            UserNameOrEmailAddress
          </span>
        </legend>
      </fieldset>
    </div>
  </div>
</div>
`;
