// Jest Snapshot v1, https://goo.gl/fbAQLP

exports[`renders learn react link 1`] = `
<div>
  <div
    class="App"
  >
    <header
      class="App-header"
    >
      <img
        alt="logo"
        class="App-logo"
        src="logo.svg"
      />
      <div>
        <div
          class="row"
        >
          <button
            aria-label="Increment value"
            class="button"
          >
            +
          </button>
          <span
            class="value"
          >
            0
          </span>
          <button
            aria-label="Decrement value"
            class="button"
          >
            -
          </button>
        </div>
        <div
          class="row"
        >
          <input
            aria-label="Set increment amount"
            class="textbox"
            value="2"
          />
          <button
            class="button"
          >
            Add Amount
          </button>
          <button
            class="asyncButton"
          >
            Add Async
          </button>
        </div>
      </div>
      <p>
        <a
          href="/account/login"
        >
          Login
        </a>
      </p>
      <p>
        ocd.codes react sdk
      </p>
      <span>
        <span>
          Learn 
        </span>
        <a
          class="App-link"
          href="https://reactjs.org/"
          rel="noopener noreferrer"
          target="_blank"
        >
          React
        </a>
        <span>
          , 
        </span>
        <a
          class="App-link"
          href="https://react.i18next.com"
          rel="noopener noreferrer"
          target="_blank"
        >
          react-i18next
        </a>
        <span>
          , 
        </span>
        <a
          class="App-link"
          href="https://material-ui.com/"
          rel="noopener noreferrer"
          target="_blank"
        >
          Material UI
        </a>
        <span>
          , 
        </span>
        <a
          class="App-link"
          href="https://jaredpalmer.com/formik/"
          rel="noopener noreferrer"
          target="_blank"
        >
          Formik
        </a>
        <span>
          , 
        </span>
        <a
          class="App-link"
          href="https://redux.js.org/"
          rel="noopener noreferrer"
          target="_blank"
        >
          Redux
        </a>
        <span>
          , 
        </span>
        <a
          class="App-link"
          href="https://redux-toolkit.js.org/"
          rel="noopener noreferrer"
          target="_blank"
        >
          Redux Toolkit
        </a>
        <span>
          , 
        </span>
        <a
          class="App-link"
          href="https://react-redux.js.org/"
          rel="noopener noreferrer"
          target="_blank"
        >
          React Redux
        </a>
        <span>
           and 
        </span>
        <a
          class="App-link"
          href="https://redux-saga.js.org"
          rel="noopener noreferrer"
          target="_blank"
        >
          Redux Sagas
        </a>
      </span>
    </header>
  </div>
</div>
`;
